---
source: src/interpreter/tests/parser.rs
expression: parse(string).unwrap()
---
- Draw:
    - obj:
        Polygon:
          - A
          - B
          - C
          - D
      config:
        fill:
          String: "#ff000033"

